[aiovd.com/instagram-video-downloader/index.html]
[backblue.gif]
[fade.gif]
[index.html]
[aiovd.com/wp-content/plugins/kk-star-ratings/src/core/public/css/kk-star-ratings.min03e2.css]
[aiovd.com/wp-content/plugins/perfecty-push-notifications/public/css/perfecty-push-public1f22.css]
[aiovd.com/wp-includes/css/dashicons.minaec2.css]
[aiovd.com/wp-content/plugins/post-views-counter/css/frontend.min1159.css]
[aiovd.com/wp-content/plugins/turn-rank-math-faq-block-to-accordion/assets/css/style.minf488.css]
[aiovd.com/wp-content/themes/aiodl-default/style4281.css]
[aiovd.com/wp-includes/js/jquery/jquery.minf43b.js]
[aiovd.com/wp-includes/js/jquery/jquery-migrate.min5589.js]
[aiovd.com/wp-content/uploads/2023/07/Join-telegram.png]
[aiovd.com/instagram-video-downloader/GET]
[aiovd.com/wp-content/plugins/kk-star-ratings/src/core/public/js/kk-star-ratings.min03e2.js]
[aiovd.com/wp-content/plugins/perfecty-push-notifications/public/js/perfecty-push-sdk/dist/perfecty-push-sdk.min1f22.js]
[aiovd.com/wp-content/plugins/turn-rank-math-faq-block-to-accordion/assets/js/RMFA-JS.minf488.js]
[aiovd.com/wp-content/themes/aiodl-default/js/bootstrap/bootstrap.bundle.min4281.js]
[aiovd.com/instagram-video-downloader/index.html]
[aiovd.com/wp-content/plugins/kk-star-ratings/src/core/public/css/kk-star-ratings.min03e2.css]
[aiovd.com/wp-content/plugins/perfecty-push-notifications/public/css/perfecty-push-public1f22.css]
[aiovd.com/wp-includes/css/dashicons.minaec2.css]
[aiovd.com/wp-content/plugins/post-views-counter/css/frontend.min1159.css]
[aiovd.com/wp-content/plugins/turn-rank-math-faq-block-to-accordion/assets/css/style.minf488.css]
[aiovd.com/wp-content/themes/aiodl-default/style4281.css]
[aiovd.com/wp-includes/js/jquery/jquery.minf43b.js]
[aiovd.com/wp-includes/js/jquery/jquery-migrate.min5589.js]
[aiovd.com/instagram-video-downloader/GET.html]
[aiovd.com/wp-content/themes/aiodl-default/js/main4281.js]
[aiovd.com/instagram-video-downloader/POST]
[aiovd.com/wp-content/plugins/kk-star-ratings/src/core/public/js/kk-star-ratings.min03e2.js]
[aiovd.com/wp-content/plugins/perfecty-push-notifications/public/js/perfecty-push-sdk/dist/perfecty-push-sdk.min1f22.js]
[aiovd.com/wp-content/plugins/turn-rank-math-faq-block-to-accordion/assets/js/RMFA-JS.minf488.js]
[aiovd.com/wp-content/themes/aiodl-default/js/bootstrap/bootstrap.bundle.min4281.js]
[aiovd.com/wp-content/themes/aiodl-default/js/main4281.js]
[aiovd.com/instagram-video-downloader/POST.html]
